// Jest Snapshot v1, https://goo.gl/fbAQLP

exports[`renders correctly 1`] = `
<div
  className="sc-bcXHqe eelojQ"
>
  <h2>
    No reports
  </h2>
  <p>
    Currently you have no data for the reports to be generated. Once you start generating traffic through the Balance application the reports will be shown.
  </p>
  <img
    alt="Empty State"
    src="EmptyState.svg"
  />
</div>
`;
