// Jest Snapshot v1, https://goo.gl/fbAQLP

exports[`renders correctly 1`] = `
Array [
  <div
    className="sc-bcXHqe jzXHmT input-group "
    id=""
  >
    <div
      className="input-container"
    >
      <select
        autoComplete="off"
        disabled={false}
        name="projectId"
        onChange={[Function]}
        required={false}
        value=""
      >
        <option
          disabled={true}
          value=""
        >
          Select project
        </option>
        <option
          value="all"
        >
          All Project
        </option>
      </select>
    </div>
  </div>,
  <div
    className="sc-bcXHqe jzXHmT input-group gateway-item"
    id=""
  >
    <div
      className="input-container"
    >
      <select
        autoComplete="off"
        disabled={false}
        name="gatewayId"
        onChange={[Function]}
        required={false}
        value=""
      >
        <option
          disabled={true}
          value=""
        >
          Select gateway
        </option>
        <option
          value="all"
        >
          All Gateway
        </option>
      </select>
    </div>
  </div>,
  <div
    className="sc-bcXHqe jzXHmT input-group "
    id=""
  >
    <div
      className="input-container"
    >
      <span
        className="flex-label"
      >
        From
      </span>
      <input
        autoComplete="off"
        disabled={false}
        name="from"
        onChange={[Function]}
        placeholder=""
        required={false}
        type="date"
        value="2021-01-01"
      />
    </div>
  </div>,
  <div
    className="sc-bcXHqe jzXHmT input-group "
    id=""
  >
    <div
      className="input-container"
    >
      <span
        className="flex-label"
      >
        To
      </span>
      <input
        autoComplete="off"
        disabled={false}
        name="to"
        onChange={[Function]}
        placeholder=""
        required={false}
        type="date"
        value="2021-12-31"
      />
    </div>
  </div>,
  <button
    onClick={[Function]}
  >
    Generate Report
  </button>,
]
`;
